Script started on Wed 13 Sep 2017 05:24:00 PM EDT
]0;jordan@jordan-VirtualBox: ~[01;32mjordan@jordan-VirtualBox[00m:[01;34m~[00m$ git clone https://h[Kgitg[Khub.com/itorres2607/cs3560.f16.git
Cloning into 'cs3560.f16'...
remote: Counting objects: 288, done.[K
remote: Compressing objects:   2% (1/43)   [Kremote: Compressing objects:   4% (2/43)   [Kremote: Compressing objects:   6% (3/43)   [Kremote: Compressing objects:   9% (4/43)   [Kremote: Compressing objects:  11% (5/43)   [Kremote: Compressing objects:  13% (6/43)   [Kremote: Compressing objects:  16% (7/43)   [Kremote: Compressing objects:  18% (8/43)   [Kremote: Compressing objects:  20% (9/43)   [Kremote: Compressing objects:  23% (10/43)   [Kremote: Compressing objects:  25% (11/43)   [Kremote: Compressing objects:  27% (12/43)   [Kremote: Compressing objects:  30% (13/43)   [Kremote: Compressing objects:  32% (14/43)   [Kremote: Compressing objects:  34% (15/43)   [Kremote: Compressing objects:  37% (16/43)   [Kremote: Compressing objects:  39% (17/43)   [Kremote: Compressing objects:  41% (18/43)   [Kremote: Compressing objects:  44% (19/43)   [Kremote: Compressing objects:  46% (20/43)   [Kremote: Compressing objects:  48% (21/43)   [Kremote: Compressing objects:  51% (22/43)   [Kremote: Compressing objects:  53% (23/43)   [Kremote: Compressing objects:  55% (24/43)   [Kremote: Compressing objects:  58% (25/43)   [Kremote: Compressing objects:  60% (26/43)   [Kremote: Compressing objects:  62% (27/43)   [Kremote: Compressing objects:  65% (28/43)   [Kremote: Compressing objects:  67% (29/43)   [Kremote: Compressing objects:  69% (30/43)   [Kremote: Compressing objects:  72% (31/43)   [Kremote: Compressing objects:  74% (32/43)   [Kremote: Compressing objects:  76% (33/43)   [Kremote: Compressing objects:  79% (34/43)   [Kremote: Compressing objects:  81% (35/43)   [Kremote: Compressing objects:  83% (36/43)   [Kremote: Compressing objects:  86% (37/43)   [Kremote: Compressing objects:  88% (38/43)   [Kremote: Compressing objects:  90% (39/43)   [Kremote: Compressing objects:  93% (40/43)   [Kremote: Compressing objects:  95% (41/43)   [Kremote: Compressing objects:  97% (42/43)   [Kremote: Compressing objects: 100% (43/43)   [Kremote: Compressing objects: 100% (43/43), done.[K
Receiving objects:   0% (1/288)   Receiving objects:   1% (3/288)   Receiving objects:   2% (6/288)   Receiving objects:   3% (9/288)   Receiving objects:   4% (12/288)   Receiving objects:   5% (15/288)   Receiving objects:   6% (18/288)   Receiving objects:   7% (21/288)   Receiving objects:   8% (24/288)   Receiving objects:   9% (26/288)   Receiving objects:  10% (29/288)   Receiving objects:  11% (32/288)   Receiving objects:  12% (35/288)   Receiving objects:  13% (38/288)   Receiving objects:  14% (41/288)   Receiving objects:  15% (44/288)   Receiving objects:  16% (47/288)   Receiving objects:  17% (49/288)   Receiving objects:  18% (52/288)   Receiving objects:  19% (55/288)   Receiving objects:  20% (58/288)   Receiving objects:  21% (61/288)   Receiving objects:  22% (64/288)   Receiving objects:  23% (67/288)   Receiving objects:  24% (70/288)   Receiving objects:  25% (72/288)   Receiving objects:  26% (75/288)   Receiving objects:  27% (78/288)   Receiving objects:  28% (81/288)   Receiving objects:  29% (84/288)   Receiving objects:  30% (87/288)   Receiving objects:  31% (90/288), 220.01 KiB | 407.00 KiB/s   Receiving objects:  32% (93/288), 220.01 KiB | 407.00 KiB/s   Receiving objects:  33% (96/288), 220.01 KiB | 407.00 KiB/s   Receiving objects:  34% (98/288), 220.01 KiB | 407.00 KiB/s   Receiving objects:  35% (101/288), 220.01 KiB | 407.00 KiB/s   Receiving objects:  36% (104/288), 220.01 KiB | 407.00 KiB/s   Receiving objects:  36% (106/288), 220.01 KiB | 407.00 KiB/s   Receiving objects:  37% (107/288), 564.01 KiB | 536.00 KiB/s   Receiving objects:  38% (110/288), 564.01 KiB | 536.00 KiB/s   Receiving objects:  39% (113/288), 564.01 KiB | 536.00 KiB/s   Receiving objects:  40% (116/288), 564.01 KiB | 536.00 KiB/s   Receiving objects:  41% (119/288), 564.01 KiB | 536.00 KiB/s   Receiving objects:  42% (121/288), 564.01 KiB | 536.00 KiB/s   Receiving objects:  43% (124/288), 564.01 KiB | 536.00 KiB/s   Receiving objects:  44% (127/288), 564.01 KiB | 536.00 KiB/s   Receiving objects:  45% (130/288), 564.01 KiB | 536.00 KiB/s   Receiving objects:  46% (133/288), 564.01 KiB | 536.00 KiB/s   Receiving objects:  47% (136/288), 564.01 KiB | 536.00 KiB/s   Receiving objects:  48% (139/288), 564.01 KiB | 536.00 KiB/s   Receiving objects:  49% (142/288), 564.01 KiB | 536.00 KiB/s   Receiving objects:  50% (144/288), 564.01 KiB | 536.00 KiB/s   Receiving objects:  51% (147/288), 564.01 KiB | 536.00 KiB/s   Receiving objects:  52% (150/288), 564.01 KiB | 536.00 KiB/s   Receiving objects:  53% (153/288), 564.01 KiB | 536.00 KiB/s   Receiving objects:  54% (156/288), 564.01 KiB | 536.00 KiB/s   Receiving objects:  55% (159/288), 564.01 KiB | 536.00 KiB/s   Receiving objects:  56% (162/288), 564.01 KiB | 536.00 KiB/s   Receiving objects:  57% (165/288), 564.01 KiB | 536.00 KiB/s   Receiving objects:  58% (168/288), 564.01 KiB | 536.00 KiB/s   Receiving objects:  59% (170/288), 564.01 KiB | 536.00 KiB/s   Receiving objects:  60% (173/288), 564.01 KiB | 536.00 KiB/s   Receiving objects:  61% (176/288), 564.01 KiB | 536.00 KiB/s   Receiving objects:  62% (179/288), 564.01 KiB | 536.00 KiB/s   Receiving objects:  63% (182/288), 564.01 KiB | 536.00 KiB/s   Receiving objects:  64% (185/288), 564.01 KiB | 536.00 KiB/s   Receiving objects:  65% (188/288), 564.01 KiB | 536.00 KiB/s   Receiving objects:  66% (191/288), 564.01 KiB | 536.00 KiB/s   Receiving objects:  67% (193/288), 564.01 KiB | 536.00 KiB/s   Receiving objects:  68% (196/288), 564.01 KiB | 536.00 KiB/s   Receiving objects:  69% (199/288), 564.01 KiB | 536.00 KiB/s   Receiving objects:  70% (202/288), 564.01 KiB | 536.00 KiB/s   Receiving objects:  71% (205/288), 564.01 KiB | 536.00 KiB/s   Receiving objects:  72% (208/288), 564.01 KiB | 536.00 KiB/s   Receiving objects:  73% (211/288), 564.01 KiB | 536.00 KiB/s   Receiving objects:  74% (214/288), 564.01 KiB | 536.00 KiB/s   Receiving objects:  75% (216/288), 564.01 KiB | 536.00 KiB/s   Receiving objects:  76% (219/288), 564.01 KiB | 536.00 KiB/s   Receiving objects:  77% (222/288), 564.01 KiB | 536.00 KiB/s   Receiving objects:  78% (225/288), 564.01 KiB | 536.00 KiB/s   Receiving objects:  79% (228/288), 564.01 KiB | 536.00 KiB/s   Receiving objects:  80% (231/288), 564.01 KiB | 536.00 KiB/s   Receiving objects:  81% (234/288), 564.01 KiB | 536.00 KiB/s   Receiving objects:  82% (237/288), 564.01 KiB | 536.00 KiB/s   Receiving objects:  83% (240/288), 564.01 KiB | 536.00 KiB/s   Receiving objects:  84% (242/288), 564.01 KiB | 536.00 KiB/s   Receiving objects:  85% (245/288), 564.01 KiB | 536.00 KiB/s   Receiving objects:  86% (248/288), 564.01 KiB | 536.00 KiB/s   Receiving objects:  87% (251/288), 564.01 KiB | 536.00 KiB/s   Receiving objects:  88% (254/288), 564.01 KiB | 536.00 KiB/s   Receiving objects:  89% (257/288), 564.01 KiB | 536.00 KiB/s   remote: Total 288 (delta 15), reused 48 (delta 4), pack-reused 229[K
Receiving objects:  90% (260/288), 564.01 KiB | 536.00 KiB/s   Receiving objects:  91% (263/288), 564.01 KiB | 536.00 KiB/s   Receiving objects:  92% (265/288), 564.01 KiB | 536.00 KiB/s   Receiving objects:  93% (268/288), 564.01 KiB | 536.00 KiB/s   Receiving objects:  94% (271/288), 564.01 KiB | 536.00 KiB/s   Receiving objects:  95% (274/288), 564.01 KiB | 536.00 KiB/s   Receiving objects:  96% (277/288), 564.01 KiB | 536.00 KiB/s   Receiving objects:  97% (280/288), 564.01 KiB | 536.00 KiB/s   Receiving objects:  98% (283/288), 564.01 KiB | 536.00 KiB/s   Receiving objects:  99% (286/288), 564.01 KiB | 536.00 KiB/s   Receiving objects: 100% (288/288), 564.01 KiB | 536.00 KiB/s   Receiving objects: 100% (288/288), 959.56 KiB | 536.00 KiB/s, done.
Resolving deltas:   0% (0/71)   Resolving deltas:   1% (1/71)   Resolving deltas:   2% (2/71)   Resolving deltas:  53% (38/71)   Resolving deltas:  54% (39/71)   Resolving deltas:  56% (40/71)   Resolving deltas:  57% (41/71)   Resolving deltas:  59% (42/71)   Resolving deltas:  78% (56/71)   Resolving deltas: 100% (71/71)   Resolving deltas: 100% (71/71), done.
Checking connectivity... done.
]0;jordan@jordan-VirtualBox: ~[01;32mjordan@jordan-VirtualBox[00m:[01;34m~[00m$ ls
[0m[01;34mcs3560.f16[0m  [01;34mDesktop[0m  [01;34mDocuments[0m  [01;34mDownloads[0m  examples.desktop  [01;34mMusic[0m  [01;34mPictures[0m  [01;34mPublic[0m  README.md  [01;34mTemplates[0m  typescript  [01;34mVideos[0m
]0;jordan@jordan-VirtualBox: ~[01;32mjordan@jordan-VirtualBox[00m:[01;34m~[00m$ cd cs3560.f16/
]0;jordan@jordan-VirtualBox: ~/cs3560.f16[01;32mjordan@jordan-VirtualBox[00m:[01;34m~/cs3560.f16[00m$ ls
[0m[01;34mac732213[0m  [01;34mcg197415[0m  [01;34mgm106214[0m  [01;34mjc767615[0m  [01;34mjw473415[0m  [01;34mlb296415[0m  [01;34mlr259215[0m  [01;34mpi440113[0m  [01;34mts863716[0m
[01;34mae013715[0m  [01;34mdj536914[0m  [01;34mhf994214[0m  [01;34mjh293614[0m  [01;34mkc855413[0m  [01;34mln006612[0m  [01;34mmd956314[0m  [01;34mtg639014[0m
]0;jordan@jordan-VirtualBox: ~/cs3560.f16[01;32mjordan@jordan-VirtualBox[00m:[01;34m~/cs3560.f16[00m$ mkdir jw363912
]0;jordan@jordan-VirtualBox: ~/cs3560.f16[01;32mjordan@jordan-VirtualBox[00m:[01;34m~/cs3560.f16[00m$ ls
[0m[01;34mac732213[0m  [01;34mcg197415[0m  [01;34mgm106214[0m  [01;34mjc767615[0m  [01;34mjw363912[0m  [01;34mkc855413[0m  [01;34mln006612[0m  [01;34mmd956314[0m  [01;34mtg639014[0m
[01;34mae013715[0m  [01;34mdj536914[0m  [01;34mhf994214[0m  [01;34mjh293614[0m  [01;34mjw473415[0m  [01;34mlb296415[0m  [01;34mlr259215[0m  [01;34mpi440113[0m  [01;34mts863716[0m
]0;jordan@jordan-VirtualBox: ~/cs3560.f16[01;32mjordan@jordan-VirtualBox[00m:[01;34m~/cs3560.f16[00m$ cd jw363923[K[K[K912
]0;jordan@jordan-VirtualBox: ~/cs3560.f16/jw363912[01;32mjordan@jordan-VirtualBox[00m:[01;34m~/cs3560.f16/jw363912[00m$ ls
]0;jordan@jordan-VirtualBox: ~/cs3560.f16/jw363912[01;32mjordan@jordan-VirtualBox[00m:[01;34m~/cs3560.f16/jw363912[00m$ clear
[3;J[H[2J]0;jordan@jordan-VirtualBox: ~/cs3560.f16/jw363912[01;32mjordan@jordan-VirtualBox[00m:[01;34m~/cs3560.f16/jw363912[00m$ mkfile[K[K[K[K[K[Ktouch Assignment3.md
]0;jordan@jordan-VirtualBox: ~/cs3560.f16/jw363912[01;32mjordan@jordan-VirtualBox[00m:[01;34m~/cs3560.f16/jw363912[00m$ nano Assignment3.d[Kmd
[?1049h[1;37r(B[m[4l[?7h[?1h=[?1h=[?1h=[39;49m[?25l[39;49m(B[m[H[2J[35;64H(B[0;7m[ Reading File ][3d(B[m[35;70H(B[0;7m 0 lines[3d(B[m[?12l[?25h[H[39;49m(B[0;7m  GNU nano 2.5.3                                 File: Assignment3.md                                                                         [36;1H^G(B[m Get Help    (B[0;7m^O(B[m Write Out   (B[0;7m^W(B[m Where Is    (B[0;7m^K(B[m Cut Text    (B[0;7m^J(B[m Justify     (B[0;7m^C(B[m Cur Pos     (B[0;7m^Y(B[m Prev Page   (B[0;7mM-\(B[m First Line (B[0;7mM-W(B[m WhereIs Next[37d(B[0;7m^X(B[m Exit[37;16H(B[0;7m^R(B[m Read File   (B[0;7m^\(B[m Replace     (B[0;7m^U(B[m Uncut Text  (B[0;7m^T(B[m To Spell    (B[0;7m^_(B[m Go To Line  (B[0;7m^V(B[m Next Page   (B[0;7mM-/(B[m Last Line  (B[0;7mM-](B[m To Bracket[3d[1;133H(B[0;7mModified[3d(B[mJordan[35d(B[0;7mFile Name to Write: Assignment3.md                                                                                                            [36;16H(B[m             (B[0;7mM-D(B[m DOS Format[14X[36;57H(B[0;7mM-A(B[m Append[18X[36;85H(B[0;7mM-B(B[m Backup File[K[37;2H(B[0;7mC(B[m Cancel[16G             (B[0;7mM-M(B[m Mac Format[14X[37;57H(B[0;7mM-P(B[m Prepend[17X[37;85H(B[0;7m^T(B[m To Files[K[35;35H[?25l[35;63H[39;49m(B[m[1K (B[0;7m[ Wrote 1 line ](B[m[K[3;7H[?12l[?25h[1;133H(B[0;7m        [36;16H^O(B[m Write Out   (B[0;7m^W(B[m Where Is    (B[0;7m^K(B[m Cut Text    (B[0;7m^J(B[m Justify     (B[0;7m^C(B[m Cur Pos     (B[0;7m^Y(B[m Prev Page   (B[0;7mM-\(B[m First Line (B[0;7mM-W(B[m WhereIs Next[37;2H(B[0;7mX(B[m Exit  [16G(B[0;7m^R(B[m Read File   (B[0;7m^\(B[m Replace     (B[0;7m^U(B[m Uncut Text  (B[0;7m^T(B[m To Spell    (B[0;7m^_(B[m Go To Line  (B[0;7m^V(B[m Next Page   (B[0;7mM-/(B[m Last Line  (B[0;7mM-](B[m To Bracket[3;7H[35d[J[37;142H[37;1H[?1049l[?1l>]0;jordan@jordan-VirtualBox: ~/cs3560.f16/jw363912[01;32mjordan@jordan-VirtualBox[00m:[01;34m~/cs3560.f16/jw363912[00m$ ls
Assignment3.md
]0;jordan@jordan-VirtualBox: ~/cs3560.f16/jw363912[01;32mjordan@jordan-VirtualBox[00m:[01;34m~/cs3560.f16/jw363912[00m$ git add Assignment3.md 
]0;jordan@jordan-VirtualBox: ~/cs3560.f16/jw363912[01;32mjordan@jordan-VirtualBox[00m:[01;34m~/cs3560.f16/jw363912[00m$ git commit 0-[K[K-m "Add[K[K[KFirst commit"[K[K[K[K[K[K[K[K[K[K[K[K[KAdding add[K[Kssignment3[K[K[K[K[K[K[K[K[K[K[K[K[K [Kg Assignment3.md"
[master 8d900a4] Adding Assignment3.md
 1 file changed, 1 insertion(+)
 create mode 100644 jw363912/Assignment3.md
]0;jordan@jordan-VirtualBox: ~/cs3560.f16/jw363912[01;32mjordan@jordan-VirtualBox[00m:[01;34m~/cs3560.f16/jw363912[00m$ git push
Username for 'https://github.com': Jordannn15	
Password for 'https://Jordannn15@github.com': 
Counting objects: 4, done.
Compressing objects:  50% (1/2)   Compressing objects: 100% (2/2)   Compressing objects: 100% (2/2), done.
Writing objects:  25% (1/4)   Writing objects:  50% (2/4)   Writing objects:  75% (3/4)   Writing objects: 100% (4/4)   Writing objects: 100% (4/4), 334 bytes | 0 bytes/s, done.
Total 4 (delta 1), reused 2 (delta 0)
remote: Resolving deltas:   0% (0/1)   [Kremote: Resolving deltas: 100% (1/1)   [Kremote: Resolving deltas: 100% (1/1), completed with 1 local object.[K
To https://github.com/itorres2607/cs3560.f16.git
   bb92881..8d900a4  master -> master
]0;jordan@jordan-VirtualBox: ~/cs3560.f16/jw363912[01;32mjordan@jordan-VirtualBox[00m:[01;34m~/cs3560.f16/jw363912[00m$ ls
Assignment3.md
]0;jordan@jordan-VirtualBox: ~/cs3560.f16/jw363912[01;32mjordan@jordan-VirtualBox[00m:[01;34m~/cs3560.f16/jw363912[00m$ get[K[Kit status
On branch master
Your branch is up-to-date with 'origin/master'.
nothing to commit, working directory clean
]0;jordan@jordan-VirtualBox: ~/cs3560.f16/jw363912[01;32mjordan@jordan-VirtualBox[00m:[01;34m~/cs3560.f16/jw363912[00m$ l[Knano Assignment3.md 
[?1049h[1;37r(B[m[4l[?7h[?1h=[?1h=[?1h=[39;49m[?25l[39;49m(B[m[H[2J[35;64H(B[0;7m[ Reading File ][3d(B[m[35;70H(B[0;7m 1 line ](B[m[K[4d[?12l[?25h[H[39;49m(B[0;7m  GNU nano 2.5.3                                 File: Assignment3.md                                                                         [3;1H(B[mJordan[36d(B[0;7m^G(B[m Get Help    (B[0;7m^O(B[m Write Out   (B[0;7m^W(B[m Where Is    (B[0;7m^K(B[m Cut Text    (B[0;7m^J(B[m Justify     (B[0;7m^C(B[m Cur Pos     (B[0;7m^Y(B[m Prev Page   (B[0;7mM-\(B[m First Line (B[0;7mM-W(B[m WhereIs Next[37d(B[0;7m^X(B[m Exit[37;16H(B[0;7m^R(B[m Read File   (B[0;7m^\(B[m Replace     (B[0;7m^U(B[m Uncut Text  (B[0;7m^T(B[m To Spell    (B[0;7m^_(B[m Go To Line  (B[0;7m^V(B[m Next Page   (B[0;7mM-/(B[m Last Line  (B[0;7mM-](B[m To Bracket[3dJordan[4d[3;7H[1;133H(B[0;7mModified[3;8H(B[mWard[35d(B[0;7mFile Name to Write: Assignment3.md                                                                                                            [36;16H(B[m             (B[0;7mM-D(B[m DOS Format[14X[36;57H(B[0;7mM-A(B[m Append[18X[36;85H(B[0;7mM-B(B[m Backup File[K[37;2H(B[0;7mC(B[m Cancel[16G             (B[0;7mM-M(B[m Mac Format[14X[37;57H(B[0;7mM-P(B[m Prepend[17X[37;85H(B[0;7m^T(B[m To Files[K[35;35H[?25l[35;63H[39;49m(B[m[1K (B[0;7m[ Wrote 1 line ](B[m[K[3;12H[?12l[?25h[1;133H(B[0;7m        [36;16H^O(B[m Write Out   (B[0;7m^W(B[m Where Is    (B[0;7m^K(B[m Cut Text    (B[0;7m^J(B[m Justify     (B[0;7m^C(B[m Cur Pos     (B[0;7m^Y(B[m Prev Page   (B[0;7mM-\(B[m First Line (B[0;7mM-W(B[m WhereIs Next[37;2H(B[0;7mX(B[m Exit  [16G(B[0;7m^R(B[m Read File   (B[0;7m^\(B[m Replace     (B[0;7m^U(B[m Uncut Text  (B[0;7m^T(B[m To Spell    (B[0;7m^_(B[m Go To Line  (B[0;7m^V(B[m Next Page   (B[0;7mM-/(B[m Last Line  (B[0;7mM-](B[m To Bracket[3;12H[35d[J[37;142H[37;1H[?1049l[?1l>]0;jordan@jordan-VirtualBox: ~/cs3560.f16/jw363912[01;32mjordan@jordan-VirtualBox[00m:[01;34m~/cs3560.f16/jw363912[00m$ git status
On branch master
Your branch is up-to-date with 'origin/master'.
Changes not staged for commit:
  (use "git add <file>..." to update what will be committed)
  (use "git checkout -- <file>..." to discard changes in working directory)

	[31mmodified:   Assignment3.md[m

no changes added to commit (use "git add" and/or "git commit -a")
]0;jordan@jordan-VirtualBox: ~/cs3560.f16/jw363912[01;32mjordan@jordan-VirtualBox[00m:[01;34m~/cs3560.f16/jw363912[00m$ git add Assignment3.md 
]0;jordan@jordan-VirtualBox: ~/cs3560.f16/jw363912[01;32mjordan@jordan-VirtualBox[00m:[01;34m~/cs3560.f16/jw363912[00m$ git comme[Kit -m "Added last name to Assignment.3[K[K.[K3.md"
[master 927e3dc] Added last name to Assignment3.md
 1 file changed, 1 insertion(+), 1 deletion(-)
]0;jordan@jordan-VirtualBox: ~/cs3560.f16/jw363912[01;32mjordan@jordan-VirtualBox[00m:[01;34m~/cs3560.f16/jw363912[00m$ git push
Username for 'https://github.com': Jordannn15
Password for 'https://Jordannn15@github.com': 
Counting objects: 4, done.
Compressing objects:  50% (1/2)   Compressing objects: 100% (2/2)   Compressing objects: 100% (2/2), done.
Writing objects:  25% (1/4)   Writing objects:  50% (2/4)   Writing objects:  75% (3/4)   Writing objects: 100% (4/4)   Writing objects: 100% (4/4), 339 bytes | 0 bytes/s, done.
Total 4 (delta 1), reused 2 (delta 0)
remote: Resolving deltas:   0% (0/1)   [Kremote: Resolving deltas: 100% (1/1)   [Kremote: Resolving deltas: 100% (1/1), completed with 1 local object.[K
To https://github.com/itorres2607/cs3560.f16.git
   8d900a4..927e3dc  master -> master
]0;jordan@jordan-VirtualBox: ~/cs3560.f16/jw363912[01;32mjordan@jordan-VirtualBox[00m:[01;34m~/cs3560.f16/jw363912[00m$ git status
On branch master
Your branch is up-to-date with 'origin/master'.
nothing to commit, working directory clean
]0;jordan@jordan-VirtualBox: ~/cs3560.f16/jw363912[01;32mjordan@jordan-VirtualBox[00m:[01;34m~/cs3560.f16/jw363912[00m$ clear
[3;J[H[2J]0;jordan@jordan-VirtualBox: ~/cs3560.f16/jw363912[01;32mjordan@jordan-VirtualBox[00m:[01;34m~/cs3560.f16/jw363912[00m$ nano Assignment3.md 
[?1049h[1;37r(B[m[4l[?7h[?1h=[?1h=[?1h=[39;49m[?25l[39;49m(B[m[H[2J[35;64H(B[0;7m[ Reading File ][3d(B[m[35;70H(B[0;7m 1 line ](B[m[K[4d[?12l[?25h[H[39;49m(B[0;7m  GNU nano 2.5.3                                 File: Assignment3.md                                                                         [3;1H(B[mJordan Ward[36d(B[0;7m^G(B[m Get Help    (B[0;7m^O(B[m Write Out   (B[0;7m^W(B[m Where Is    (B[0;7m^K(B[m Cut Text    (B[0;7m^J(B[m Justify     (B[0;7m^C(B[m Cur Pos     (B[0;7m^Y(B[m Prev Page   (B[0;7mM-\(B[m First Line (B[0;7mM-W(B[m WhereIs Next[37d(B[0;7m^X(B[m Exit[37;16H(B[0;7m^R(B[m Read File   (B[0;7m^\(B[m Replace     (B[0;7m^U(B[m Uncut Text  (B[0;7m^T(B[m To Spell    (B[0;7m^_(B[m Go To Line  (B[0;7m^V(B[m Next Page   (B[0;7mM-/(B[m Last Line  (B[0;7mM-](B[m To Bracket[3d[4d[1;133H(B[0;7mModified[4d(B[mOne extra line[5dTwo extra[35d[K[5;11Hlines[6dThres e extra lines[35d(B[0;7mFile Name to Write: Assignment3.md                                                                                                            [36;16H(B[m             (B[0;7mM-D(B[m DOS Format[14X[36;57H(B[0;7mM-A(B[m Append[18X[36;85H(B[0;7mM-B(B[m Backup File[K[37;2H(B[0;7mC(B[m Cancel[16G             (B[0;7mM-M(B[m Mac Format[14X[37;57H(B[0;7mM-P(B[m Prepend[17X[37;85H(B[0;7m^T(B[m To Files[K[35;35H[?25l[35;62H[39;49m(B[m[1K (B[0;7m[ Wrote 4 lines ](B[m[K[6;18H[?12l[?25h[1;133H(B[0;7m        [36;16H^O(B[m Write Out   (B[0;7m^W(B[m Where Is    (B[0;7m^K(B[m Cut Text    (B[0;7m^J(B[m Justify     (B[0;7m^C(B[m Cur Pos     (B[0;7m^Y(B[m Prev Page   (B[0;7mM-\(B[m First Line (B[0;7mM-W(B[m WhereIs Next[37;2H(B[0;7mX(B[m Exit  [16G(B[0;7m^R(B[m Read File   (B[0;7m^\(B[m Replace     (B[0;7m^U(B[m Uncut Text  (B[0;7m^T(B[m To Spell    (B[0;7m^_(B[m Go To Line  (B[0;7m^V(B[m Next Page   (B[0;7mM-/(B[m Last Line  (B[0;7mM-](B[m To Bracket[6;18H[35d[J[37;142H[37;1H[?1049l[?1l>]0;jordan@jordan-VirtualBox: ~/cs3560.f16/jw363912[01;32mjordan@jordan-VirtualBox[00m:[01;34m~/cs3560.f16/jw363912[00m$ ls
Assignment3.md
]0;jordan@jordan-VirtualBox: ~/cs3560.f16/jw363912[01;32mjordan@jordan-VirtualBox[00m:[01;34m~/cs3560.f16/jw363912[00m$ git status
On branch master
Your branch is up-to-date with 'origin/master'.
Changes not staged for commit:
  (use "git add <file>..." to update what will be committed)
  (use "git checkout -- <file>..." to discard changes in working directory)

	[31mmodified:   Assignment3.md[m

no changes added to commit (use "git add" and/or "git commit -a")
]0;jordan@jordan-VirtualBox: ~/cs3560.f16/jw363912[01;32mjordan@jordan-VirtualBox[00m:[01;34m~/cs3560.f16/jw363912[00m$ git add
Nothing specified, nothing added.
Maybe you wanted to say 'git add .'?
]0;jordan@jordan-VirtualBox: ~/cs3560.f16/jw363912[01;32mjordan@jordan-VirtualBox[00m:[01;34m~/cs3560.f16/jw363912[00m$ git add Assignment3.md 
]0;jordan@jordan-VirtualBox: ~/cs3560.f16/jw363912[01;32mjordan@jordan-VirtualBox[00m:[01;34m~/cs3560.f16/jw363912[00m$ gti[K[Kit commit -m "Added three extra lines to Assignment3.md"
[master 91c91ce] Added three extra lines to Assignment3.md
 1 file changed, 3 insertions(+)
]0;jordan@jordan-VirtualBox: ~/cs3560.f16/jw363912[01;32mjordan@jordan-VirtualBox[00m:[01;34m~/cs3560.f16/jw363912[00m$ git status
On branch master
Your branch is ahead of 'origin/master' by 1 commit.
  (use "git push" to publish your local commits)
nothing to commit, working directory clean
]0;jordan@jordan-VirtualBox: ~/cs3560.f16/jw363912[01;32mjordan@jordan-VirtualBox[00m:[01;34m~/cs3560.f16/jw363912[00m$ git push
Username for 'https://github.com': Jordannn15
Password for 'https://Jordannn15@github.com': 
Counting objects: 4, done.
Compressing objects:  33% (1/3)   Compressing objects:  66% (2/3)   Compressing objects: 100% (3/3)   Compressing objects: 100% (3/3), done.
Writing objects:  25% (1/4)   Writing objects:  50% (2/4)   Writing objects:  75% (3/4)   Writing objects: 100% (4/4)   Writing objects: 100% (4/4), 378 bytes | 0 bytes/s, done.
Total 4 (delta 1), reused 2 (delta 0)
remote: Resolving deltas:   0% (0/1)   [Kremote: Resolving deltas: 100% (1/1)   [Kremote: Resolving deltas: 100% (1/1), completed with 1 local object.[K
To https://github.com/itorres2607/cs3560.f16.git
   927e3dc..91c91ce  master -> master
]0;jordan@jordan-VirtualBox: ~/cs3560.f16/jw363912[01;32mjordan@jordan-VirtualBox[00m:[01;34m~/cs3560.f16/jw363912[00m$ git status
On branch master
Your branch is up-to-date with 'origin/master'.
nothing to commit, working directory clean
]0;jordan@jordan-VirtualBox: ~/cs3560.f16/jw363912[01;32mjordan@jordan-VirtualBox[00m:[01;34m~/cs3560.f16/jw363912[00m$ clear
[3;J[H[2J]0;jordan@jordan-VirtualBox: ~/cs3560.f16/jw363912[01;32mjordan@jordan-VirtualBox[00m:[01;34m~/cs3560.f16/jw363912[00m$ git log Assignment3.md
[?1h=[33mcommit 91c91ceabead1b6028778b36961cdd808b9de0b1[m[m
Author: Jordan Ward <jw363912@ohio.edu>[m
Date:   Wed Sep 13 17:29:55 2017 -0400[m
[m
    Added three extra lines to Assignment3.md[m
[m
[33mcommit 927e3dcb7bf693e140bdbfab5496ff88ee656820[m[m
Author: Jordan Ward <jw363912@ohio.edu>[m
Date:   Wed Sep 13 17:28:34 2017 -0400[m
[m
    Added last name to Assignment3.md[m
[m
[33mcommit 8d900a4a16634a7741015a7fb341cfe3fd2b1ec9[m[m
Author: Jordan Ward <jw363912@ohio.edu>[m
Date:   Wed Sep 13 17:26:57 2017 -0400[m
[m
    Adding Assignment3.md[m
[m
[33mcommit b86617c63055eaeae9a87fb9b57e5aa7ac642a06[m[m
Author: Jordan Ward <jw363912@ohio.edu>[m
Date:   Wed Sep 13 17:22:03 2017 -0400[m
[m
    Delete Assignment3.md[m
[m
[33mcommit 0e95f7d1ff2b2152d99b20a9e562d5a89d439f22[m[m
Author: Jordan Ward <jw363912@ohio.edu>[m
Date:   Tue Sep 12 20:04:14 2017 -0400[m
[m
    Third commit[m
[m
[33mcommit dea6d7c546d287d15abc330755dfd1127bebb6e3[m[m
Author: Jordan Ward <jw363912@ohio.edu>[m
Date:   Tue Sep 12 20:02:42 2017 -0400[m
[m
    Second commit[m
[m
:[K[K[33mcommit f5f1f1d6c1db284144d1516e5036f7e778da7c24[m[m
:[K[KAuthor: Jordan Ward <jw363912@ohio.edu>[m
:[K[KDate:   Tue Sep 12 20:00:40 2017 -0400[m
:[K[K[m
:[K[K    First commit[m
:[K[K[m
:[K[K[33mcommit db94f3d2e3e013d2f4d1bdc69ceac2509c6090fa[m[m
:[K[KAuthor: Jordan Ward <jw363912@ohio.edu>[m
:[K[KDate:   Tue Sep 12 19:56:19 2017 -0400[m
:[K[K[m
:[K[K    Delete Assignment3.md[m
:[K[K[m
:[K[K[33mcommit 9dcb1961be8d528ad38acea6a25ae813a239a884[m[m
:[K[KAuthor: Jordan Ward <jw363912@ohio.edu>[m
:[K[KDate:   Tue Sep 12 19:54:58 2017 -0400[m
:[K[K[m
:[K[K    Commit[m
:[K[K[K[7m(END)[27m[K[K[K[7m(END)[27m[K[K[7m(END)[27m[K[K[7m(END)[27m[K[K[K[7m(END)[27m[K[K[7m(END)[27m[K[K...skipping...
[m
[33mcommit b86617c63055eaeae9a87fb9b57e5aa7ac642a06[m[m
Author: Jordan Ward <jw363912@ohio.edu>[m
Date:   Wed Sep 13 17:22:03 2017 -0400[m
[m
    Delete Assignment3.md[m
[m
[33mcommit 0e95f7d1ff2b2152d99b20a9e562d5a89d439f22[m[m
Author: Jordan Ward <jw363912@ohio.edu>[m
Date:   Tue Sep 12 20:04:14 2017 -0400[m
[m
    Third commit[m
[m
[33mcommit dea6d7c546d287d15abc330755dfd1127bebb6e3[m[m
Author: Jordan Ward <jw363912@ohio.edu>[m
Date:   Tue Sep 12 20:02:42 2017 -0400[m
[m
    Second commit[m
[m
[33mcommit f5f1f1d6c1db284144d1516e5036f7e778da7c24[m[m
Author: Jordan Ward <jw363912@ohio.edu>[m
Date:   Tue Sep 12 20:00:40 2017 -0400[m
[m
    First commit[m
[m
[33mcommit db94f3d2e3e013d2f4d1bdc69ceac2509c6090fa[m[m
Author: Jordan Ward <jw363912@ohio.edu>[m
Date:   Tue Sep 12 19:56:19 2017 -0400[m
[m
    Delete Assignment3.md[m
[m
[33mcommit 9dcb1961be8d528ad38acea6a25ae813a239a884[m[m
Author: Jordan Ward <jw363912@ohio.edu>[m
Date:   Tue Sep 12 19:54:58 2017 -0400[m
[m
    Commit[m
[7m(END)[27m[K[K[K[7m(END)[27m[K[K [K^X^X[K^?^?[K[7m(END)[27m[K[K[7m(END)[27m[K[K[?1l>
]0;jordan@jordan-VirtualBox: ~/cs3560.f16/jw363912[01;32mjordan@jordan-VirtualBox[00m:[01;34m~/cs3560.f16/jw363912[00m$ q[Kls
Assignment3.md
]0;jordan@jordan-VirtualBox: ~/cs3560.f16/jw363912[01;32mjordan@jordan-VirtualBox[00m:[01;34m~/cs3560.f16/jw363912[00m$ git status
On branch master
Your branch is up-to-date with 'origin/master'.
nothing to commit, working directory clean
]0;jordan@jordan-VirtualBox: ~/cs3560.f16/jw363912[01;32mjordan@jordan-VirtualBox[00m:[01;34m~/cs3560.f16/jw363912[00m$ clear
[3;J[H[2J]0;jordan@jordan-VirtualBox: ~/cs3560.f16/jw363912[01;32mjordan@jordan-VirtualBox[00m:[01;34m~/cs3560.f16/jw363912[00m$ git status
On branch master
Your branch is up-to-date with 'origin/master'.
nothing to commit, working directory clean
]0;jordan@jordan-VirtualBox: ~/cs3560.f16/jw363912[01;32mjordan@jordan-VirtualBox[00m:[01;34m~/cs3560.f16/jw363912[00m$ cd ..
]0;jordan@jordan-VirtualBox: ~/cs3560.f16[01;32mjordan@jordan-VirtualBox[00m:[01;34m~/cs3560.f16[00m$ cd ..
]0;jordan@jordan-VirtualBox: ~[01;32mjordan@jordan-VirtualBox[00m:[01;34m~[00m$ ls
[0m[01;34mcs3560.f16[0m  [01;34mDesktop[0m  [01;34mDocuments[0m  [01;34mDownloads[0m  examples.desktop  [01;34mMusic[0m  [01;34mPictures[0m  [01;34mPublic[0m  README.md  [01;34mTemplates[0m  typescript  [01;34mVideos[0m
]0;jordan@jordan-VirtualBox: ~[01;32mjordan@jordan-VirtualBox[00m:[01;34m~[00m$ cd Desktop
]0;jordan@jordan-VirtualBox: ~/Desktop[01;32mjordan@jordan-VirtualBox[00m:[01;34m~/Desktop[00m$ ls
[0m[01;35mScreenshots1.jpg[0m  [01;35mScreenshots2.jpg[0m
]0;jordan@jordan-VirtualBox: ~/Desktop[01;32mjordan@jordan-VirtualBox[00m:[01;34m~/Desktop[00m$ mv Screenshots1.jpg ../cs3560.f16/jw36392[K12/
]0;jordan@jordan-VirtualBox: ~/Desktop[01;32mjordan@jordan-VirtualBox[00m:[01;34m~/Desktop[00m$ ls
[0m[01;35mScreenshots2.jpg[0m
]0;jordan@jordan-VirtualBox: ~/Desktop[01;32mjordan@jordan-VirtualBox[00m:[01;34m~/Desktop[00m$ mv Screenshots2.jpg ../cs3560.f16/.[Kjw363912/
]0;jordan@jordan-VirtualBox: ~/Desktop[01;32mjordan@jordan-VirtualBox[00m:[01;34m~/Desktop[00m$ ls
]0;jordan@jordan-VirtualBox: ~/Desktop[01;32mjordan@jordan-VirtualBox[00m:[01;34m~/Desktop[00m$ cd ..
]0;jordan@jordan-VirtualBox: ~[01;32mjordan@jordan-VirtualBox[00m:[01;34m~[00m$ ls
[0m[01;34mcs3560.f16[0m  [01;34mDesktop[0m  [01;34mDocuments[0m  [01;34mDownloads[0m  examples.desktop  [01;34mMusic[0m  [01;34mPictures[0m  [01;34mPublic[0m  README.md  [01;34mTemplates[0m  typescript  [01;34mVideos[0m
]0;jordan@jordan-VirtualBox: ~[01;32mjordan@jordan-VirtualBox[00m:[01;34m~[00m$ cd s[Kcs3560.f16/
]0;jordan@jordan-VirtualBox: ~/cs3560.f16[01;32mjordan@jordan-VirtualBox[00m:[01;34m~/cs3560.f16[00m$ ls
[0m[01;34mac732213[0m  [01;34mcg197415[0m  [01;34mgm106214[0m  [01;34mjc767615[0m  [01;34mjw363912[0m  [01;34mkc855413[0m  [01;34mln006612[0m  [01;34mmd956314[0m  [01;34mtg639014[0m
[01;34mae013715[0m  [01;34mdj536914[0m  [01;34mhf994214[0m  [01;34mjh293614[0m  [01;34mjw473415[0m  [01;34mlb296415[0m  [01;34mlr259215[0m  [01;34mpi440113[0m  [01;34mts863716[0m
]0;jordan@jordan-VirtualBox: ~/cs3560.f16[01;32mjordan@jordan-VirtualBox[00m:[01;34m~/cs3560.f16[00m$ cd jw363912
]0;jordan@jordan-VirtualBox: ~/cs3560.f16/jw363912[01;32mjordan@jordan-VirtualBox[00m:[01;34m~/cs3560.f16/jw363912[00m$ ls
Assignment3.md  [0m[01;35mScreenshots1.jpg[0m  [01;35mScreenshots2.jpg[0m
]0;jordan@jordan-VirtualBox: ~/cs3560.f16/jw363912[01;32mjordan@jordan-VirtualBox[00m:[01;34m~/cs3560.f16/jw363912[00m$ git add A[KScreenshots1.jpg
]0;jordan@jordan-VirtualBox: ~/cs3560.f16/jw363912[01;32mjordan@jordan-VirtualBox[00m:[01;34m~/cs3560.f16/jw363912[00m$ git commit -m "Adding Screenshots2[K1.jpg"
[master bcd69be] Adding Screenshots1.jpg
 1 file changed, 0 insertions(+), 0 deletions(-)
 create mode 100644 jw363912/Screenshots1.jpg
]0;jordan@jordan-VirtualBox: ~/cs3560.f16/jw363912[01;32mjordan@jordan-VirtualBox[00m:[01;34m~/cs3560.f16/jw363912[00m$ git push
Username for 'https://github.com': Jordannn15
Password for 'https://Jordannn15@github.com': 
Counting objects: 4, done.
Compressing objects:  25% (1/4)   Compressing objects:  50% (2/4)   Compressing objects:  75% (3/4)   Compressing objects: 100% (4/4)   Compressing objects: 100% (4/4), done.
Writing objects:  25% (1/4)   Writing objects:  50% (2/4)   Writing objects:  75% (3/4)   Writing objects: 100% (4/4)   Writing objects: 100% (4/4), 82.07 KiB | 0 bytes/s, done.
Total 4 (delta 1), reused 0 (delta 0)
remote: Resolving deltas:   0% (0/1)   [Kremote: Resolving deltas: 100% (1/1)   [Kremote: Resolving deltas: 100% (1/1), completed with 1 local object.[K
To https://github.com/itorres2607/cs3560.f16.git
   91c91ce..bcd69be  master -> master
]0;jordan@jordan-VirtualBox: ~/cs3560.f16/jw363912[01;32mjordan@jordan-VirtualBox[00m:[01;34m~/cs3560.f16/jw363912[00m$ git add [K[K[K[K[K[K[K[Kclear
[3;J[H[2J]0;jordan@jordan-VirtualBox: ~/cs3560.f16/jw363912[01;32mjordan@jordan-VirtualBox[00m:[01;34m~/cs3560.f16/jw363912[00m$ git add Screenshots2.jpg
]0;jordan@jordan-VirtualBox: ~/cs3560.f16/jw363912[01;32mjordan@jordan-VirtualBox[00m:[01;34m~/cs3560.f16/jw363912[00m$ git commit -m "S[KAdding Screenshots2.jpg"
[master b949536] Adding Screenshots2.jpg
 1 file changed, 0 insertions(+), 0 deletions(-)
 create mode 100644 jw363912/Screenshots2.jpg
]0;jordan@jordan-VirtualBox: ~/cs3560.f16/jw363912[01;32mjordan@jordan-VirtualBox[00m:[01;34m~/cs3560.f16/jw363912[00m$ git push
Username for 'https://github.com': Jordannn15
Password for 'https://Jordannn15@github.com': 
Counting objects: 4, done.
Compressing objects:  25% (1/4)   Compressing objects:  50% (2/4)   Compressing objects:  75% (3/4)   Compressing objects: 100% (4/4)   Compressing objects: 100% (4/4), done.
Writing objects:  25% (1/4)   Writing objects:  50% (2/4)   Writing objects:  75% (3/4)   Writing objects: 100% (4/4)   Writing objects: 100% (4/4), 32.15 KiB | 0 bytes/s, done.
Total 4 (delta 1), reused 0 (delta 0)
remote: Resolving deltas:   0% (0/1)   [Kremote: Resolving deltas: 100% (1/1)   [Kremote: Resolving deltas: 100% (1/1), completed with 1 local object.[K
To https://github.com/itorres2607/cs3560.f16.git
   bcd69be..b949536  master -> master
]0;jordan@jordan-VirtualBox: ~/cs3560.f16/jw363912[01;32mjordan@jordan-VirtualBox[00m:[01;34m~/cs3560.f16/jw363912[00m$ git status
On branch master
Your branch is up-to-date with 'origin/master'.
nothing to commit, working directory clean
]0;jordan@jordan-VirtualBox: ~/cs3560.f16/jw363912[01;32mjordan@jordan-VirtualBox[00m:[01;34m~/cs3560.f16/jw363912[00m$ ls
Assignment3.md  [0m[01;35mScreenshots1.jpg[0m  [01;35mScreenshots2.jpg[0m
]0;jordan@jordan-VirtualBox: ~/cs3560.f16/jw363912[01;32mjordan@jordan-VirtualBox[00m:[01;34m~/cs3560.f16/jw363912[00m$ clear
[3;J[H[2J]0;jordan@jordan-VirtualBox: ~/cs3560.f16/jw363912[01;32mjordan@jordan-VirtualBox[00m:[01;34m~/cs3560.f16/jw363912[00m$ exit

Script done on Wed 13 Sep 2017 05:37:27 PM EDT
